
> kj@0.1.0 build
> next build --turbopack

   ▲ Next.js 15.5.18 (Turbopack)

   Creating an optimized production build ...
 ✓ Finished writing to disk in 97ms

> Build error occurred
[Error: Turbopack build failed with 2 errors:
./src/app/page.tsx
Reading source code for parsing failed
An unexpected error happened while trying to read the source code to parse: failed to convert rope into string

Caused by:
- invalid utf-8 sequence of 1 bytes from index 5749


./src/app/page.tsx
Reading source code for parsing failed
An unexpected error happened while trying to read the source code to parse: failed to convert rope into string

Caused by:
- invalid utf-8 sequence of 1 bytes from index 5749

]
